Unity Editor version:    6000.3.13f1 (8c4f11e4fb20)
Branch:                  6000.3/staging
Build type:              Release
Batch mode:              YES
macOS version:           Version 26.6.2 (Build 25G83)
Darwin version:          25.6.0
Architecture:            arm64
Running under Rosetta:   NO
Available memory:        24576 MB
Date:                    2026-09-19T16:56:19Z
[Licensing::Module] Trying to connect to existing licensing client channel...
[Licensing::IpcConnector] Successfully connected to: "LicenseClient-riddh" at "2026-09-19T16:56:19.317222Z"

COMMAND LINE ARGUMENTS:
/Applications/Unity/Hub/Editor/6000.3.13f1/Unity.app/Contents/MacOS/Unity
-adb2
-batchMode
-noUpm
-name
AssetImportWorker6
-projectPath
/Users/riddh/Unity Projects/Ink Bound
-logFile
Logs/AssetImportWorker6.log
-srvPort
54896
-licensingIpc
LicenseClient-riddh
-job-worker-count
5
-background-job-worker-count
8
-gc-helper-count
1
-name AssetImport
Successfully changed project path to: /Users/riddh/Unity Projects/Ink Bound
/Users/riddh/Unity Projects/Ink Bound
[UnityMemory] Configuration Parameters - Can be set up in boot.config
    "memorysetup-allocator-temp-initial-block-size-main=262144"
    "memorysetup-allocator-temp-initial-block-size-worker=262144"
    "memorysetup-temp-allocator-size-background-worker=32768"
    "memorysetup-temp-allocator-size-job-worker=262144"
    "memorysetup-temp-allocator-size-preload-manager=33554432"
    "memorysetup-temp-allocator-size-nav-mesh-worker=65536"
    "memorysetup-temp-allocator-size-audio-worker=65536"
    "memorysetup-temp-allocator-size-cloud-worker=32768"
    "memorysetup-bucket-allocator-granularity=16"
    "memorysetup-bucket-allocator-bucket-count=8"
    "memorysetup-bucket-allocator-block-size=33554432"
    "memorysetup-bucket-allocator-block-count=8"
    "memorysetup-main-allocator-block-size=16777216"
    "memorysetup-thread-allocator-block-size=16777216"
    "memorysetup-gfx-main-allocator-block-size=16777216"
    "memorysetup-gfx-thread-allocator-block-size=16777216"
    "memorysetup-cache-allocator-block-size=4194304"
    "memorysetup-typetree-allocator-block-size=2097152"
    "memorysetup-profiler-bucket-allocator-granularity=16"
    "memorysetup-profiler-bucket-allocator-bucket-count=8"
    "memorysetup-profiler-bucket-allocator-block-size=33554432"
    "memorysetup-profiler-bucket-allocator-block-count=8"
    "memorysetup-profiler-allocator-block-size=16777216"
    "memorysetup-profiler-editor-allocator-block-size=1048576"
    "memorysetup-temp-allocator-size-main=16777216"
    "memorysetup-job-temp-allocator-block-size=2097152"
    "memorysetup-job-temp-allocator-block-size-background=1048576"
    "memorysetup-job-temp-allocator-reduction-small-platforms=262144"
    "memorysetup-temp-allocator-size-gi-baking-worker=262144"
    "memorysetup-temp-allocator-size-gi-baking-worker=262144"
    "memorysetup-temp-allocator-size-gi-baking-worker=262144"
    "memorysetup-temp-allocator-size-gi-baking-worker=262144"
    "memorysetup-temp-allocator-size-gi-baking-worker=262144"
    "memorysetup-temp-allocator-size-gfx=262144"
Player connection [8385798528]  Target information:

Player connection [8385798528]  * "[IP] 10.36.199.100 [Port] 0 [Flags] 2 [Guid] 2520589536 [EditorId] 2520589536 [Version] 1048832 [Id] OSXEditor(0,eduroam-campus-10-36-199-100.campus-dynamic.uwaterloo.ca) [Debug] 1 [PackageName] OSXEditor [ProjectName] Editor" 

Player connection [8385798528] Host joined multi-casting on [225.0.0.222:54997]...
Player connection [8385798528] Host joined alternative multi-casting on [225.0.0.222:34997]...
JobSystem: Creating JobQueue using job-worker-count value 5
Input System module state changed to: Initialized.
[Physics::Module] Initialized fallback backend.
[Physics::Module] Id: 0xdecafbad
Library Redirect Path: Library/
[Physics::Module] Selected backend.
[Physics::Module] Name: PhysX
[Physics::Module] Id: 0xf2b8ea05
[Physics::Module] SDK Version: 4.1.2
[Physics::Module] Integration Version: 1.0.0
[Physics::Module] Threading Mode: Multi-Threaded
[Licensing::Module] Licensing is not yet initialized.
[Licensing::Client] Handshaking with LicensingClient:
  Version:                 1.18.3+d7ffd15
  Session Id:              9d530f4ea2bd4bbab11d53c7153983fe
  Correlation Id:          f87711e8bee48c96bbd9ffe2d73e16bd
  External correlation Id: 498176154857298687
  Machine Id:              m3PPNyKNJOb/y4XIuOxqAksc8As=
[Licensing::Module] Successfully connected to LicensingClient on channel: "LicenseClient-riddh" (connect: 0.00s, validation: 0.00s, handshake: 0.30s)
[Licensing::IpcConnector] Successfully connected to: "LicenseClient-riddh-notifications" at "2026-09-19T16:56:19.61851Z"
[Licensing::Module] Licensing Background thread has ended after 0.30s
[Licensing::Module] Licensing is initialized (took 0.12s).
[Licensing::Client] Successfully resolved entitlement details
[Licensing::Module] License group:
  Id: 3574372603868-UnityPersXXXX
  Product: Unity Personal
  Type: Assigned
  Expiration: Unlimited
Refreshing native plugins compatible for Editor in 35.44 ms, found 18 plugins.
Preloading 1 native plugins for Editor in 1.76 ms.
Initialize engine version: 6000.3.13f1 (8c4f11e4fb20)
[Subsystems] Discovering subsystems at path /Applications/Unity/Hub/Editor/6000.3.13f1/Unity.app/Contents/Resources/UnitySubsystems
[Subsystems] Discovering subsystems at path /Users/riddh/Unity Projects/Ink Bound/Assets
GfxDevice: creating device client; kGfxThreadingModeNonThreaded
 preferred device: Apple M4 Pro (high power)
Metal devices available: 1
0: Apple M4 Pro (high power)
Using device Apple M4 Pro (high power)
Initializing Metal device caps: Apple M4 Pro
Mac GPU Family: 2
Apple GPU Family: 9
MSL Version: 3.0
Has Float MSAA: 1
Has Float Filtering: 1
ReadWrite Texture Tier: 2
Shader 'Meta/MRUK/Scene/HighlightsAndShadows': fallback shader 'Off' not found
Shader 'Oculus/OVRMRCameraFrameLit': fallback shader 'Alpha-Diffuse' not found
Initialize mono
Mono path[0] = '/Applications/Unity/Hub/Editor/6000.3.13f1/Unity.app/Contents/Resources/Scripting/Managed'
Mono path[1] = '/Applications/Unity/Hub/Editor/6000.3.13f1/Unity.app/Contents/Resources/Scripting/MonoBleedingEdge/lib/mono/unityjit-macos'
Mono config path = '/Applications/Unity/Hub/Editor/6000.3.13f1/Unity.app/Contents/Resources/Scripting/MonoBleedingEdge/etc'
Using monoOptions --debugger-agent=transport=dt_socket,embedding=1,server=y,suspend=n,address=127.0.0.1:56804
Begin MonoManager ReloadAssembly
Registering precompiled unity dll's ...
Register platform support module: /Applications/Unity/Hub/Editor/6000.3.13f1/Unity.app/Contents/PlaybackEngines/MacStandaloneSupport/UnityEditor.OSXStandalone.Extensions.dll
Register platform support module: /Applications/Unity/Hub/Editor/6000.3.13f1/PlaybackEngines/AndroidPlayer/UnityEditor.Android.Extensions.dll
[Licensing::Client] Successfully resolved entitlement details
Register platform support module: /Applications/Unity/Hub/Editor/6000.3.13f1/PlaybackEngines/iOSSupport/UnityEditor.iOS.Extensions.dll
Registered in 0.002439 seconds.
- Loaded All Assemblies, in  0.250 seconds
[usbmuxd] Start listen thread
[usbmuxd] Listen thread started
[usbmuxd] Send listen message
Native extension for iOS target not found
Native extension for Android target not found
Native extension for OSXStandalone target not found
Package Manager log level set to [2]
[Package Manager] Failed to launch server process. Reason: Unity was launched with the -noUpm command-line argument
[Package Manager] Unable to send message (not connected to server process).
[Package Manager] Cannot connect to Unity Package Manager local server
ScheduleIndexationOnStartup MainProcess:False IndexOnStartup:True
Mono: successfully reloaded assembly
- Finished resetting the current domain, in  0.244 seconds
Domain Reload Profiling: 494ms
	BeginReloadAssembly (97ms)
		ExecutionOrderSort (0ms)
		DisableScriptedObjects (0ms)
		BackupInstance (0ms)
		ReleaseScriptingObjects (0ms)
		CreateAndSetChildDomain (0ms)
	RebuildCommonClasses (20ms)
	RebuildNativeTypeToScriptingClass (7ms)
	initialDomainReloadingComplete (24ms)
	LoadAllAssembliesAndSetupDomain (102ms)
		LoadAssemblies (98ms)
		RebuildTransferFunctionScriptingTraits (0ms)
		AnalyzeDomain (99ms)
			TypeCache.Refresh (98ms)
				TypeCache.ScanAssembly (88ms)
			BuildScriptInfoCaches (0ms)
			ResolveRequiredComponents (0ms)
	FinalizeReload (244ms)
		ReleaseScriptCaches (0ms)
		RebuildScriptCaches (0ms)
		SetupLoadedEditorAssemblies (212ms)
			LogAssemblyErrors (0ms)
			InitializePlatformSupportModulesInManaged (51ms)
			SetLoadedEditorAssemblies (2ms)
			BeforeProcessingInitializeOnLoad (42ms)
			ProcessInitializeOnLoadAttributes (65ms)
			ProcessInitializeOnLoadMethodAttributes (51ms)
			AfterProcessingInitializeOnLoad (0ms)
			EditorAssembliesLoaded (0ms)
		ExecutionOrderSort2 (0ms)
		AwakeInstancesAfterBackupRestoration (0ms)
[CoreBusinessMetrics] Unexpected thread when updating session info.
========================================================================
Worker process is ready to serve import requests
Import Worker Mode flag is 0x00
Begin MonoManager ReloadAssembly
[Licensing::Client] Successfully resolved entitlement details
Symbol file LoadedFromMemory is not a mono symbol file
- Loaded All Assemblies, in  0.577 seconds
Script 'CharacterController' has the same name as built-in Unity component.
AddComponent and GetComponent will not work with this script.
'Packages/com.meta.xr.sdk.core/Editor/RuntimeOptimizer/RuntimeOptimizerNetworking.cs' contains partial class of Unity.Object, exactly 1 of the partial classes needs to be in a file with the same filename. This is to know the one that can be referenced from ie. GameObjects
'Packages/com.meta.xr.sdk.core/Editor/BuildingBlocks/BlocksWindow.cs' contains partial class of Unity.Object, exactly 1 of the partial classes needs to be in a file with the same filename. This is to know the one that can be referenced from ie. GameObjects
'Packages/com.meta.xr.sdk.core/Editor/RuntimeOptimizer/RuntimeOptimizerStyles.cs' contains partial class of Unity.Object, exactly 1 of the partial classes needs to be in a file with the same filename. This is to know the one that can be referenced from ie. GameObjects
'Packages/com.meta.xr.sdk.core/Editor/RuntimeOptimizer/RuntimeOptimizer.cs' contains partial class of Unity.Object, exactly 1 of the partial classes needs to be in a file with the same filename. This is to know the one that can be referenced from ie. GameObjects
'Packages/com.meta.xr.sdk.core/Editor/BuildingBlocks/BlocksWindowDetailsExtension.cs' contains partial class of Unity.Object, exactly 1 of the partial classes needs to be in a file with the same filename. This is to know the one that can be referenced from ie. GameObjects
'Packages/com.meta.xr.sdk.core/Editor/BuildingBlocks/BlocksWindowCollectionsPageExtension.cs' contains partial class of Unity.Object, exactly 1 of the partial classes needs to be in a file with the same filename. This is to know the one that can be referenced from ie. GameObjects
Refreshing native plugins compatible for Editor in 3.38 ms, found 18 plugins.
Native extension for iOS target not found
Native extension for Android target not found
Native extension for OSXStandalone target not found
[Package Manager] Failed to launch server process. Reason: Unity was launched with the -noUpm command-line argument
[Package Manager] Unable to send message (not connected to server process).
[Package Manager] Cannot connect to Unity Package Manager local server
Refreshing native plugins compatible for Editor in 3.76 ms, found 18 plugins.
I0919 12:56:21.813667 597187 OVRTelemetry.cpp:57] Telemetry_Init: calling startSession with engineName=Unity, pluginVersion=1.205.0
I0919 12:56:21.826297 597187 OVRTelemetry.cpp:61] Telemetry_Init: startSession completed successfully
[Package Manager] Failed to launch server process. Reason: Unity was launched with the -noUpm command-line argument
[Package Manager] Unable to send message (not connected to server process).
[Package Manager] Cannot connect to Unity Package Manager local server
[Package Manager] Failed to launch server process. Reason: Unity was launched with the -noUpm command-line argument
[Package Manager] Unable to send message (not connected to server process).
[Package Manager] Cannot connect to Unity Package Manager local server
[Package Manager] Failed to launch server process. Reason: Unity was launched with the -noUpm command-line argument
[Package Manager] Unable to send message (not connected to server process).
[Package Manager] Cannot connect to Unity Package Manager local server
ScheduleIndexationOnStartup MainProcess:False IndexOnStartup:True
Mono: successfully reloaded assembly
[Package Manager] Failed to launch server process. Reason: Unity was launched with the -noUpm command-line argument
[Package Manager] Unable to send message (not connected to server process).
[Package Manager] Cannot connect to Unity Package Manager local server
[Package Manager] Failed to launch server process. Reason: Unity was launched with the -noUpm command-line argument
[Package Manager] Unable to send message (not connected to server process).
[Package Manager] Cannot connect to Unity Package Manager local server
- Finished resetting the current domain, in  0.752 seconds
Domain Reload Profiling: 1321ms
	BeginReloadAssembly (62ms)
		ExecutionOrderSort (0ms)
		DisableScriptedObjects (2ms)
		BackupInstance (0ms)
		ReleaseScriptingObjects (0ms)
		CreateAndSetChildDomain (12ms)
	RebuildCommonClasses (20ms)
	RebuildNativeTypeToScriptingClass (7ms)
	initialDomainReloadingComplete (19ms)
	LoadAllAssembliesAndSetupDomain (460ms)
		LoadAssemblies (273ms)
		RebuildTransferFunctionScriptingTraits (0ms)
		AnalyzeDomain (213ms)
			TypeCache.Refresh (151ms)
				TypeCache.ScanAssembly (133ms)
			BuildScriptInfoCaches (49ms)
			ResolveRequiredComponents (11ms)
	FinalizeReload (752ms)
		ReleaseScriptCaches (0ms)
		RebuildScriptCaches (0ms)
		SetupLoadedEditorAssemblies (630ms)
			LogAssemblyErrors (0ms)
			InitializePlatformSupportModulesInManaged (8ms)
			SetLoadedEditorAssemblies (4ms)
			BeforeProcessingInitializeOnLoad (90ms)
			ProcessInitializeOnLoadAttributes (425ms)
			ProcessInitializeOnLoadMethodAttributes (102ms)
			AfterProcessingInitializeOnLoad (1ms)
			EditorAssembliesLoaded (0ms)
		ExecutionOrderSort2 (0ms)
		AwakeInstancesAfterBackupRestoration (2ms)
WARNING: Shader Unsupported: 'Universal Render Pipeline/VR/SpatialMapping/Wireframe' - All subshaders removed
WARNING: Shader Did you use #pragma only_renderers and omit this platform?
WARNING: Shader If subshaders removal was intentional, you may have forgotten turning Fallback off?
WARNING: Shader Unsupported: 'Universal Render Pipeline/VR/SpatialMapping/Wireframe' - All subshaders removed
WARNING: Shader Did you use #pragma only_renderers and omit this platform?
WARNING: Shader If subshaders removal was intentional, you may have forgotten turning Fallback off?
Shader 'Meta/MRUK/Scene/HighlightsAndShadows': fallback shader 'Off' not found
Shader 'Oculus/OVRMRCameraFrameLit': fallback shader 'Alpha-Diffuse' not found
[OVRPlugin][INFO] UnityPluginLoad called

Launching external process: /Applications/Unity/Hub/Editor/6000.3.13f1/Unity.app/Contents/Helpers/UnityShaderCompiler
Launched and connected shader compiler UnityShaderCompiler after 0.02 seconds
Refreshing native plugins compatible for Editor in 3.33 ms, found 18 plugins.
Preloading 1 native plugins for Editor in 0.35 ms.
Unloading 22 Unused Serialized files (Serialized files now loaded: 0)
Unloading 10041 unused Assets / (4.5 MB). Loaded Objects now: 10926.
Memory consumption went from 178.1 MB to 173.6 MB.
Total: 10.692833 ms (FindLiveObjects: 0.864417 ms CreateObjectMapping: 0.260875 ms MarkObjects: 7.887833 ms  DeleteObjects: 1.679333 ms)

========================================================================
Received Import Request.
  Time since last request: 29247.508776 seconds.
  path: Assets/Scenes/Space Station Scene.fbx
  artifactKey: Guid(d46087ae8edd24b00bd313f1af6bdafa) Importer(2089858483,b0f066a214c2f5e87bad3c948f4d605d)
Start importing Assets/Scenes/Space Station Scene.fbx using Guid(d46087ae8edd24b00bd313f1af6bdafa) Importer(2089858483,b0f066a214c2f5e87bad3c948f4d605d) (ScriptedImporter) -> (artifact id: 'e4e96721a646ed26803556fdd6233eb9') in 0.088896083 seconds
Number of updated asset objects reloaded before import = 0Number of asset objects unloaded after import = 613

========================================================================
Received Import Request.
  Time since last request: 275.249099 seconds.
  path: Assets/3D/fbx/Space Station Scene.blend
  artifactKey: Guid(60cb976085e2b4c0ba891959b334b445) Importer(2089858483,b0f066a214c2f5e87bad3c948f4d605d)
Start importing Assets/3D/fbx/Space Station Scene.blend using Guid(60cb976085e2b4c0ba891959b334b445) Importer(2089858483,b0f066a214c2f5e87bad3c948f4d605d) (ScriptedImporter) -> (artifact id: 'e810ddfa84a43f447803dc44ab0f5544') in 0.043285458 seconds
Number of updated asset objects reloaded before import = 0Number of asset objects unloaded after import = 613

========================================================================
Received Import Request.
  Time since last request: 0.000040 seconds.
  path: Assets/3D/fbx/Space Station Scene2.blend
  artifactKey: Guid(bebfddb6fe8a9417ebfa002e001ba245) Importer(2089858483,b0f066a214c2f5e87bad3c948f4d605d)
Start importing Assets/3D/fbx/Space Station Scene2.blend using Guid(bebfddb6fe8a9417ebfa002e001ba245) Importer(2089858483,b0f066a214c2f5e87bad3c948f4d605d) (ScriptedImporter) -> (artifact id: '04577d01b274586ef83580e0d00633e6') in 0.035154125 seconds
Number of updated asset objects reloaded before import = 0Number of asset objects unloaded after import = 612

========================================================================
Received Import Request.
  Time since last request: 0.000038 seconds.
  path: Assets/3D/fbx/Room_1_Done_UVMap_nmap.jpg
  artifactKey: Guid(49c98ae3ae650418884bdf6b89c05581) Importer(2089858483,b0f066a214c2f5e87bad3c948f4d605d)
Start importing Assets/3D/fbx/Room_1_Done_UVMap_nmap.jpg using Guid(49c98ae3ae650418884bdf6b89c05581) Importer(2089858483,b0f066a214c2f5e87bad3c948f4d605d) (ScriptedImporter)[Licensing::Client] Successfully resolved entitlement details
[Licensing::Client] Successfully resolved entitlement details
 -> (artifact id: '565808aed84007fb70d447fe4379fb8f') in 0.018875042 seconds
Number of updated asset objects reloaded before import = 0Number of asset objects unloaded after import = 1

========================================================================
Received Import Request.
  Time since last request: 0.000041 seconds.
  path: Assets/3D/fbx/Space Station Scene.fbx
  artifactKey: Guid(e0aa6204a368a4ea8a77983bffd824fa) Importer(2089858483,b0f066a214c2f5e87bad3c948f4d605d)
Start importing Assets/3D/fbx/Space Station Scene.fbx using Guid(e0aa6204a368a4ea8a77983bffd824fa) Importer(2089858483,b0f066a214c2f5e87bad3c948f4d605d) (ScriptedImporter) -> (artifact id: '3cbc1cee3afeaa4039cd31ff934e7842') in 0.043454291 seconds
Number of updated asset objects reloaded before import = 0Number of asset objects unloaded after import = 620

========================================================================
Received Import Request.
  Time since last request: 0.000046 seconds.
  path: Assets/3D/fbx/InfoBot_Panic_Bot_color.jpg
  artifactKey: Guid(c5ac9a8bec4dd49ca9cc4a7e980240b8) Importer(2089858483,b0f066a214c2f5e87bad3c948f4d605d)
Start importing Assets/3D/fbx/InfoBot_Panic_Bot_color.jpg using Guid(c5ac9a8bec4dd49ca9cc4a7e980240b8) Importer(2089858483,b0f066a214c2f5e87bad3c948f4d605d) (ScriptedImporter) -> (artifact id: 'f42ab80a0d0056d275bf22d5e481e026') in 0.003996583 seconds
Number of updated asset objects reloaded before import = 0Number of asset objects unloaded after import = 1

========================================================================
Received Import Request.
  Time since last request: 0.000048 seconds.
  path: Assets/3D/fbx/texture_3_UVMap_nmap.jpg
  artifactKey: Guid(5755c710c4eff49df91b0fabc882e6d0) Importer(2089858483,b0f066a214c2f5e87bad3c948f4d605d)
Start importing Assets/3D/fbx/texture_3_UVMap_nmap.jpg using Guid(5755c710c4eff49df91b0fabc882e6d0) Importer(2089858483,b0f066a214c2f5e87bad3c948f4d605d) (ScriptedImporter) -> (artifact id: '4294f2ff476ea0beb9c655ca0fd403f2') in 0.005014417 seconds
Number of updated asset objects reloaded before import = 0Number of asset objects unloaded after import = 1

========================================================================
Received Import Request.
  Time since last request: 0.000055 seconds.
  path: Assets/3D/fbx/column_UVMap_color.jpg
  artifactKey: Guid(26ba72c16c83740cab8ab713f6638d99) Importer(2089858483,b0f066a214c2f5e87bad3c948f4d605d)
Start importing Assets/3D/fbx/column_UVMap_color.jpg using Guid(26ba72c16c83740cab8ab713f6638d99) Importer(2089858483,b0f066a214c2f5e87bad3c948f4d605d) (ScriptedImporter) -> (artifact id: '9d58ffcd4e933fe942d4e2f138d475fb') in 0.003670208 seconds
Number of updated asset objects reloaded before import = 0Number of asset objects unloaded after import = 1

========================================================================
Received Import Request.
  Time since last request: 0.000045 seconds.
  path: Assets/3D/fbx/Railings_texture_UVMap_color.jpg
  artifactKey: Guid(c4e995b990cf34e0d8dee687ac57542b) Importer(2089858483,b0f066a214c2f5e87bad3c948f4d605d)
Start importing Assets/3D/fbx/Railings_texture_UVMap_color.jpg using Guid(c4e995b990cf34e0d8dee687ac57542b) Importer(2089858483,b0f066a214c2f5e87bad3c948f4d605d) (ScriptedImporter) -> (artifact id: '70355e7b7e26546f1ea03b12ee4439ec') in 0.003774917 seconds
Number of updated asset objects reloaded before import = 0Number of asset objects unloaded after import = 1

========================================================================
Received Import Request.
  Time since last request: 0.000048 seconds.
  path: Assets/3D/fbx/out_side_UVMap_nmap.jpg
  artifactKey: Guid(7bfb4a34f560441198407eb78ca50602) Importer(2089858483,b0f066a214c2f5e87bad3c948f4d605d)
Start importing Assets/3D/fbx/out_side_UVMap_nmap.jpg using Guid(7bfb4a34f560441198407eb78ca50602) Importer(2089858483,b0f066a214c2f5e87bad3c948f4d605d) (ScriptedImporter) -> (artifact id: '5af4de350c92bc4539b1a8533860df5e') in 0.003807167 seconds
Number of updated asset objects reloaded before import = 0Number of asset objects unloaded after import = 1

========================================================================
Received Import Request.
  Time since last request: 18.284599 seconds.
  path: Assets/3D/Space Station
  artifactKey: Guid(ae7160b7bbb4f4be4ab80e04bc6944b5) Importer(2089858483,b0f066a214c2f5e87bad3c948f4d605d)
Start importing Assets/3D/Space Station using Guid(ae7160b7bbb4f4be4ab80e04bc6944b5) Importer(2089858483,b0f066a214c2f5e87bad3c948f4d605d) (ScriptedImporter) -> (artifact id: '129833bf5ae119c739e8baa80cb23107') in 0.001489833 seconds
Number of updated asset objects reloaded before import = 0Number of asset objects unloaded after import = 1

========================================================================
Received Import Request.
  Time since last request: 0.000082 seconds.
  path: Assets/3D/Space Station/texture_3_UVMap_color.jpg
  artifactKey: Guid(852928d96ac1e4947a9907f10da2ded0) Importer(2089858483,b0f066a214c2f5e87bad3c948f4d605d)
Start importing Assets/3D/Space Station/texture_3_UVMap_color.jpg using Guid(852928d96ac1e4947a9907f10da2ded0) Importer(2089858483,b0f066a214c2f5e87bad3c948f4d605d) (ScriptedImporter) -> (artifact id: 'df275c22cd58bd4222959dbb1c816789') in 0.003787458 seconds
Number of updated asset objects reloaded before import = 0Number of asset objects unloaded after import = 1

========================================================================
Received Import Request.
  Time since last request: 0.000044 seconds.
  path: Assets/3D/Space Station/texture_3_UVMap_rough.jpg
  artifactKey: Guid(c10afda6272bd4ff1b8b52753e54abd5) Importer(2089858483,b0f066a214c2f5e87bad3c948f4d605d)
Start importing Assets/3D/Space Station/texture_3_UVMap_rough.jpg using Guid(c10afda6272bd4ff1b8b52753e54abd5) Importer(2089858483,b0f066a214c2f5e87bad3c948f4d605d) (ScriptedImporter) -> (artifact id: '62fb9c39e973af39b3b862534f4ea629') in 0.003496375 seconds
Number of updated asset objects reloaded before import = 0Number of asset objects unloaded after import = 1

========================================================================
Received Import Request.
  Time since last request: 0.000043 seconds.
  path: Assets/3D/Space Station/out_side_UVMap_color.jpg
  artifactKey: Guid(1b6dcb65ba9cb43d0a79d5c864383ae1) Importer(2089858483,b0f066a214c2f5e87bad3c948f4d605d)
Start importing Assets/3D/Space Station/out_side_UVMap_color.jpg using Guid(1b6dcb65ba9cb43d0a79d5c864383ae1) Importer(2089858483,b0f066a214c2f5e87bad3c948f4d605d) (ScriptedImporter) -> (artifact id: '2ff3993b657243a7c2e7b40063554da5') in 0.003501792 seconds
Number of updated asset objects reloaded before import = 0Number of asset objects unloaded after import = 1

========================================================================
Received Import Request.
  Time since last request: 0.000035 seconds.
  path: Assets/3D/Space Station/Room_1_Done_UVMap_color_3.jpg
  artifactKey: Guid(fc2bd6625b1094332be168ab451196cc) Importer(2089858483,b0f066a214c2f5e87bad3c948f4d605d)
Start importing Assets/3D/Space Station/Room_1_Done_UVMap_color_3.jpg using Guid(fc2bd6625b1094332be168ab451196cc) Importer(2089858483,b0f066a214c2f5e87bad3c948f4d605d) (ScriptedImporter) -> (artifact id: '2fc3c4251d79fde2290f5fb248876884') in 0.003438458 seconds
Number of updated asset objects reloaded before import = 0Number of asset objects unloaded after import = 1

========================================================================
Received Import Request.
  Time since last request: 0.000035 seconds.
  path: Assets/3D/Space Station/column_UVMap_nmap.jpg
  artifactKey: Guid(ca666097e68fd45a89ebc46c2a43028b) Importer(2089858483,b0f066a214c2f5e87bad3c948f4d605d)
Start importing Assets/3D/Space Station/column_UVMap_nmap.jpg using Guid(ca666097e68fd45a89ebc46c2a43028b) Importer(2089858483,b0f066a214c2f5e87bad3c948f4d605d) (ScriptedImporter) -> (artifact id: '204c554b4956d57929aa6c45035f2b12') in 0.00373975 seconds
Number of updated asset objects reloaded before import = 0Number of asset objects unloaded after import = 1

========================================================================
Received Import Request.
  Time since last request: 0.000042 seconds.
  path: Assets/3D/Space Station/Space Station Scene.fbx
  artifactKey: Guid(e0aa6204a368a4ea8a77983bffd824fa) Importer(2089858483,b0f066a214c2f5e87bad3c948f4d605d)
Start importing Assets/3D/Space Station/Space Station Scene.fbx using Guid(e0aa6204a368a4ea8a77983bffd824fa) Importer(2089858483,b0f066a214c2f5e87bad3c948f4d605d) (ScriptedImporter) -> (artifact id: '707c3f3b745ed93c69d20ff76e3a3d80') in 0.033639875 seconds
Number of updated asset objects reloaded before import = 0Number of asset objects unloaded after import = 620

========================================================================
Received Import Request.
  Time since last request: 0.000050 seconds.
  path: Assets/3D/Space Station/t1_UVMap_rough.jpg
  artifactKey: Guid(7cd9b8886d51d477ca1d7d51fdb8b1d9) Importer(2089858483,b0f066a214c2f5e87bad3c948f4d605d)
Start importing Assets/3D/Space Station/t1_UVMap_rough.jpg using Guid(7cd9b8886d51d477ca1d7d51fdb8b1d9) Importer(2089858483,b0f066a214c2f5e87bad3c948f4d605d) (ScriptedImporter) -> (artifact id: '2d15d521a843ab183b2609fbf3d6a425') in 0.003536833 seconds
Number of updated asset objects reloaded before import = 0Number of asset objects unloaded after import = 1

========================================================================
Received Import Request.
  Time since last request: 0.000036 seconds.
  path: Assets/3D/Space Station/Room_1_Done_UVMap_rough.jpg
  artifactKey: Guid(b86b63aeab93a41df96f27d20b502ce8) Importer(2089858483,b0f066a214c2f5e87bad3c948f4d605d)
Start importing Assets/3D/Space Station/Room_1_Done_UVMap_rough.jpg using Guid(b86b63aeab93a41df96f27d20b502ce8) Importer(2089858483,b0f066a214c2f5e87bad3c948f4d605d) (ScriptedImporter) -> (artifact id: '37cc6c0b8788393378fde114d3591856') in 0.003577333 seconds
Number of updated asset objects reloaded before import = 0Number of asset objects unloaded after import = 1

========================================================================
Received Import Request.
  Time since last request: 0.213144 seconds.
  path: Assets/3D/Space Station/column_UVMap_nmap.jpg
  artifactKey: Guid(ca666097e68fd45a89ebc46c2a43028b) Importer(815301076,1909f56bfc062723c751e8b465ee728b)
Start importing Assets/3D/Space Station/column_UVMap_nmap.jpg using Guid(ca666097e68fd45a89ebc46c2a43028b) Importer(815301076,1909f56bfc062723c751e8b465ee728b) (PreviewImporter) -> (artifact id: '2663efc2db9f5ccfec1bbc4267ab2735') in 0.153930625 seconds
Number of updated asset objects reloaded before import = 0Number of asset objects unloaded after import = 2

========================================================================
Received Import Request.
  Time since last request: 0.000042 seconds.
  path: Assets/3D/Space Station/texture_3_UVMap_color.jpg
  artifactKey: Guid(852928d96ac1e4947a9907f10da2ded0) Importer(815301076,1909f56bfc062723c751e8b465ee728b)
Start importing Assets/3D/Space Station/texture_3_UVMap_color.jpg using Guid(852928d96ac1e4947a9907f10da2ded0) Importer(815301076,1909f56bfc062723c751e8b465ee728b) (PreviewImporter) -> (artifact id: 'c261439f7f76e0681c834e8ceb77481f') in 0.00378 seconds
Number of updated asset objects reloaded before import = 0Number of asset objects unloaded after import = 2

========================================================================
Received Import Request.
  Time since last request: 0.000037 seconds.
  path: Assets/3D/Space Station/Space Station Scene.blend
  artifactKey: Guid(60cb976085e2b4c0ba891959b334b445) Importer(815301076,1909f56bfc062723c751e8b465ee728b)
Start importing Assets/3D/Space Station/Space Station Scene.blend using Guid(60cb976085e2b4c0ba891959b334b445) Importer(815301076,1909f56bfc062723c751e8b465ee728b) (PreviewImporter) -> (artifact id: '566b3f14f4df82e176d440f4aca699cc') in 3.20431725 seconds
Number of updated asset objects reloaded before import = 0Number of asset objects unloaded after import = 613

========================================================================
Received Prepare
Begin MonoManager ReloadAssembly
[Licensing::Client] Successfully resolved entitlement details
Thread 0x170213000 may have been prematurely finalized
Symbol file LoadedFromMemory is not a mono symbol file
- Loaded All Assemblies, in  0.503 seconds
Script 'CharacterController' has the same name as built-in Unity component.
AddComponent and GetComponent will not work with this script.
'Packages/com.meta.xr.sdk.core/Editor/RuntimeOptimizer/RuntimeOptimizerNetworking.cs' contains partial class of Unity.Object, exactly 1 of the partial classes needs to be in a file with the same filename. This is to know the one that can be referenced from ie. GameObjects
'Packages/com.meta.xr.sdk.core/Editor/BuildingBlocks/BlocksWindow.cs' contains partial class of Unity.Object, exactly 1 of the partial classes needs to be in a file with the same filename. This is to know the one that can be referenced from ie. GameObjects
'Packages/com.meta.xr.sdk.core/Editor/RuntimeOptimizer/RuntimeOptimizerStyles.cs' contains partial class of Unity.Object, exactly 1 of the partial classes needs to be in a file with the same filename. This is to know the one that can be referenced from ie. GameObjects
'Packages/com.meta.xr.sdk.core/Editor/RuntimeOptimizer/RuntimeOptimizer.cs' contains partial class of Unity.Object, exactly 1 of the partial classes needs to be in a file with the same filename. This is to know the one that can be referenced from ie. GameObjects
'Packages/com.meta.xr.sdk.core/Editor/BuildingBlocks/BlocksWindowDetailsExtension.cs' contains partial class of Unity.Object, exactly 1 of the partial classes needs to be in a file with the same filename. This is to know the one that can be referenced from ie. GameObjects
'Packages/com.meta.xr.sdk.core/Editor/BuildingBlocks/BlocksWindowCollectionsPageExtension.cs' contains partial class of Unity.Object, exactly 1 of the partial classes needs to be in a file with the same filename. This is to know the one that can be referenced from ie. GameObjects
Refreshing native plugins compatible for Editor in 3.72 ms, found 18 plugins.
Native extension for iOS target not found
Native extension for Android target not found
Native extension for OSXStandalone target not found
[Package Manager] Failed to launch server process. Reason: Unity was launched with the -noUpm command-line argument
[Package Manager] Unable to send message (not connected to server process).
[Package Manager] Cannot connect to Unity Package Manager local server
Refreshing native plugins compatible for Editor in 4.00 ms, found 18 plugins.
[Package Manager] Failed to launch server process. Reason: Unity was launched with the -noUpm command-line argument
[Package Manager] Unable to send message (not connected to server process).
[Package Manager] Cannot connect to Unity Package Manager local server
[Package Manager] Failed to launch server process. Reason: Unity was launched with the -noUpm command-line argument
[Package Manager] Unable to send message (not connected to server process).
[Package Manager] Cannot connect to Unity Package Manager local server
[Package Manager] Failed to launch server process. Reason: Unity was launched with the -noUpm command-line argument
[Package Manager] Unable to send message (not connected to server process).
[Package Manager] Cannot connect to Unity Package Manager local server
ScheduleIndexationOnStartup MainProcess:False IndexOnStartup:True
Mono: successfully reloaded assembly
[Package Manager] Failed to launch server process. Reason: Unity was launched with the -noUpm command-line argument
[Package Manager] Unable to send message (not connected to server process).
[Package Manager] Cannot connect to Unity Package Manager local server
- Finished resetting the current domain, in  0.613 seconds
Domain Reload Profiling: 1119ms
	BeginReloadAssembly (109ms)
		ExecutionOrderSort (0ms)
		DisableScriptedObjects (10ms)
		BackupInstance (0ms)
		ReleaseScriptingObjects (0ms)
		CreateAndSetChildDomain (36ms)
	RebuildCommonClasses (18ms)
	RebuildNativeTypeToScriptingClass (8ms)
	initialDomainReloadingComplete (12ms)
	LoadAllAssembliesAndSetupDomain (359ms)
		LoadAssemblies (232ms)
		RebuildTransferFunctionScriptingTraits (0ms)
		AnalyzeDomain (150ms)
			TypeCache.Refresh (10ms)
				TypeCache.ScanAssembly (0ms)
			BuildScriptInfoCaches (126ms)
			ResolveRequiredComponents (11ms)
	FinalizeReload (613ms)
		ReleaseScriptCaches (0ms)
		RebuildScriptCaches (0ms)
		SetupLoadedEditorAssemblies (509ms)
			LogAssemblyErrors (0ms)
			InitializePlatformSupportModulesInManaged (9ms)
			SetLoadedEditorAssemblies (4ms)
			BeforeProcessingInitializeOnLoad (88ms)
			ProcessInitializeOnLoadAttributes (309ms)
			ProcessInitializeOnLoadMethodAttributes (99ms)
			AfterProcessingInitializeOnLoad (0ms)
			EditorAssembliesLoaded (0ms)
		ExecutionOrderSort2 (0ms)
		AwakeInstancesAfterBackupRestoration (5ms)
WARNING: Shader Unsupported: 'Universal Render Pipeline/VR/SpatialMapping/Wireframe' - All subshaders removed
WARNING: Shader Did you use #pragma only_renderers and omit this platform?
WARNING: Shader If subshaders removal was intentional, you may have forgotten turning Fallback off?
WARNING: Shader Unsupported: 'Universal Render Pipeline/VR/SpatialMapping/Wireframe' - All subshaders removed
WARNING: Shader Did you use #pragma only_renderers and omit this platform?
WARNING: Shader If subshaders removal was intentional, you may have forgotten turning Fallback off?
Refreshing native plugins compatible for Editor in 4.20 ms, found 18 plugins.
Preloading 1 native plugins for Editor in 0.33 ms.
Unloading 22 Unused Serialized files (Serialized files now loaded: 0)
Unloading 10038 unused Assets / (4.1 MB). Loaded Objects now: 11013.
Memory consumption went from 210.4 MB to 206.3 MB.
Total: 9.671250 ms (FindLiveObjects: 0.426292 ms CreateObjectMapping: 0.195833 ms MarkObjects: 7.601375 ms  DeleteObjects: 1.447375 ms)

Prepare: number of updated asset objects reloaded= 0
Shader 'Meta/MRUK/Scene/HighlightsAndShadows': fallback shader 'Off' not found
Shader 'Oculus/OVRMRCameraFrameLit': fallback shader 'Alpha-Diffuse' not found
========================================================================
Received Import Request.
  Time since last request: 7.077226 seconds.
  path: Assets/3D/Space Station/InfoBot_Panic_Bot_nmap.jpg
  artifactKey: Guid(9e5d7d0bad932452aafe121b7284eba3) Importer(815301076,1909f56bfc062723c751e8b465ee728b)
Start importing Assets/3D/Space Station/InfoBot_Panic_Bot_nmap.jpg using Guid(9e5d7d0bad932452aafe121b7284eba3) Importer(815301076,1909f56bfc062723c751e8b465ee728b) (PreviewImporter) -> (artifact id: 'b87fff21489c9e5eb61e454ebbef400d') in 0.034347625 seconds
Number of updated asset objects reloaded before import = 0Number of asset objects unloaded after import = 2

========================================================================
Received Import Request.
  Time since last request: 0.000035 seconds.
  path: Assets/3D/Space Station/t1_UVMap_color.jpg
  artifactKey: Guid(9b523e9e7b1374262ad52cdcb157f677) Importer(815301076,1909f56bfc062723c751e8b465ee728b)
Start importing Assets/3D/Space Station/t1_UVMap_color.jpg using Guid(9b523e9e7b1374262ad52cdcb157f677) Importer(815301076,1909f56bfc062723c751e8b465ee728b) (PreviewImporter) -> (artifact id: '485bb3e65f8f1ab0f09fb7ae40ba4f62') in 0.00391275 seconds
Number of updated asset objects reloaded before import = 0Number of asset objects unloaded after import = 2

========================================================================
Received Import Request.
  Time since last request: 0.000044 seconds.
  path: Assets/3D/Space Station/Room_1_Done_UVMap_rough.jpg
  artifactKey: Guid(b86b63aeab93a41df96f27d20b502ce8) Importer(815301076,1909f56bfc062723c751e8b465ee728b)
Start importing Assets/3D/Space Station/Room_1_Done_UVMap_rough.jpg using Guid(b86b63aeab93a41df96f27d20b502ce8) Importer(815301076,1909f56bfc062723c751e8b465ee728b) (PreviewImporter) -> (artifact id: '1c3ab306f5739c965a85de8f27beab1a') in 0.003972834 seconds
Number of updated asset objects reloaded before import = 0Number of asset objects unloaded after import = 2

========================================================================
Received Import Request.
  Time since last request: 0.000035 seconds.
  path: Assets/3D/Space Station/column_UVMap_color.jpg
  artifactKey: Guid(26ba72c16c83740cab8ab713f6638d99) Importer(815301076,1909f56bfc062723c751e8b465ee728b)
Start importing Assets/3D/Space Station/column_UVMap_color.jpg using Guid(26ba72c16c83740cab8ab713f6638d99) Importer(815301076,1909f56bfc062723c751e8b465ee728b) (PreviewImporter) -> (artifact id: '44657e690705cc5c3c96d541ddab121a') in 0.004114584 seconds
Number of updated asset objects reloaded before import = 0Number of asset objects unloaded after import = 2

========================================================================
Received Import Request.
  Time since last request: 0.000041 seconds.
  path: Assets/3D/Space Station/Space Station Scene.fbx
  artifactKey: Guid(e0aa6204a368a4ea8a77983bffd824fa) Importer(815301076,1909f56bfc062723c751e8b465ee728b)
Start importing Assets/3D/Space Station/Space Station Scene.fbx using Guid(e0aa6204a368a4ea8a77983bffd824fa) Importer(815301076,1909f56bfc062723c751e8b465ee728b) (PreviewImporter) -> (artifact id: '4594e158350e02c819f3727cc03d13ac') in 0.678719792 seconds
Number of updated asset objects reloaded before import = 0Number of asset objects unloaded after import = 620

